2026-05-29 11:21:18.719648728 [32;1m[INFO][0m Running valhalla_build_tiles with 12 thread(s).
2026-05-29 11:21:18.719746934 [32;1m[INFO][0m Start stage = initialize End stage = cleanup
2026-05-29 11:21:18.724083003 [32;1m[INFO][0m Parsing files for ways: /valhalla/data/bahrain-latest.osm.pbf
2026-05-29 11:21:18.727133492 [32;1m[INFO][0m Parsing ways...
2026-05-29 11:21:19.507070988 [32;1m[INFO][0m Clarifying and fixing cul-de-sacs...
2026-05-29 11:21:19.744605097 [32;1m[INFO][0m Added 113 culdesac roundabouts from 271 candidates.
2026-05-29 11:21:19.744641999 [TIMING] src/mjolnir/pbfgraphparser.cc::clarify_and_fix took 0s
2026-05-29 11:21:19.744649100 [32;1m[INFO][0m Finished with 68373 routable ways containing 486134 nodes
2026-05-29 11:21:19.767422510 [32;1m[INFO][0m Sorting osm access tags by way id...
2026-05-29 11:21:19.793196206 [32;1m[INFO][0m Finished
2026-05-29 11:21:19.793743140 [TIMING] src/mjolnir/pbfgraphparser.cc::ParseWays took 1s
2026-05-29 11:21:19.855503164 [32;1m[INFO][0m Parsing files for relations: /valhalla/data/bahrain-latest.osm.pbf
2026-05-29 11:21:19.857154166 [32;1m[INFO][0m Parsing relations...
2026-05-29 11:21:19.941962718 [32;1m[INFO][0m Finished with 749 simple turn restrictions
2026-05-29 11:21:19.941994620 [32;1m[INFO][0m Finished with 0 lane connections
2026-05-29 11:21:19.954913420 [32;1m[INFO][0m Sorting complex restrictions by from id...
2026-05-29 11:21:19.958167021 [32;1m[INFO][0m Sorting complex restrictions by to id...
2026-05-29 11:21:19.960618773 [32;1m[INFO][0m Finished
2026-05-29 11:21:19.960841987 [TIMING] src/mjolnir/pbfgraphparser.cc::ParseRelations took 0s
2026-05-29 11:21:19.961954156 [32;1m[INFO][0m Parsing files for nodes: /valhalla/data/bahrain-latest.osm.pbf
2026-05-29 11:21:19.961974357 [32;1m[INFO][0m Sorting osm way node references by node id...
2026-05-29 11:21:20.466160064 [32;1m[INFO][0m Parsing nodes...
2026-05-29 11:21:21.360548746 [32;1m[INFO][0m Finished with 376216 nodes contained in routable ways
2026-05-29 11:21:21.360577548 [32;1m[INFO][0m Sorting osm way node references by way index and node shape index...
2026-05-29 11:21:21.823283544 [32;1m[INFO][0m Finished: changeset id 182926108
2026-05-29 11:21:21.823317946 [32;1m[INFO][0m Number of nodes with refs (exits) = 0
2026-05-29 11:21:21.823320646 [32;1m[INFO][0m Number of nodes with exit_to = 0
2026-05-29 11:21:21.823321847 [32;1m[INFO][0m Number of nodes with names = 63
2026-05-29 11:21:21.823323047 [32;1m[INFO][0m Number of nodes with linguistics = 27
2026-05-29 11:21:21.823324347 [32;1m[INFO][0m Number of way refs = 0
2026-05-29 11:21:21.823325447 [32;1m[INFO][0m Number of reverse way refs = 0
2026-05-29 11:21:21.823327347 [32;1m[INFO][0m Unique Node Strings (names, refs, etc.) = 12
2026-05-29 11:21:21.823329047 [32;1m[INFO][0m Unique Strings (names, refs, etc.) = 7821
2026-05-29 11:21:21.823590163 [TIMING] src/mjolnir/pbfgraphparser.cc::ParseNodes took 1s
2026-05-29 11:21:21.823636366 [32;1m[INFO][0m Sort nodes spatially within each tile using nxn grids where n = 32
2026-05-29 11:21:21.823641666 [32;1m[INFO][0m Creating graph edges from ways...
2026-05-29 11:21:21.971083647 [32;1m[INFO][0m Finished with 158192 graph edges
2026-05-29 11:21:22.043533909 [32;1m[INFO][0m Sorting graph...
2026-05-29 11:21:22.133170229 [32;1m[INFO][0m Nodes processed. Sorting begin and end nodes by edge.
2026-05-29 11:21:22.188364328 [32;1m[INFO][0m Sorting begin and end nodes done. Populating edges...
2026-05-29 11:21:22.254000270 [32;1m[INFO][0m Finished with 116650 graph nodes
2026-05-29 11:21:22.576257617 [TIMING] src/mjolnir/graphbuilder.cc::BuildEdges took 0s
2026-05-29 11:21:22.578168935 [32;1m[INFO][0m Writing tile manifest to /valhalla/build/tile_manifest.json
2026-05-29 11:21:22.578259540 [33;1m[WARN][0m [constructedges] 1 nodes with uninitialized coordinates
2026-05-29 11:21:22.578301543 [32;1m[INFO][0m Reclassifying_V2 link graph edges...
2026-05-29 11:21:22.652052485 [32;1m[INFO][0m Class: 0 exit count = 64
2026-05-29 11:21:22.652086987 [32;1m[INFO][0m Class: 1 exit count = 17
2026-05-29 11:21:22.652090587 [32;1m[INFO][0m Class: 2 exit count = 306
2026-05-29 11:21:22.652091888 [32;1m[INFO][0m Class: 3 exit count = 433
2026-05-29 11:21:22.652092788 [32;1m[INFO][0m Class: 4 exit count = 781
2026-05-29 11:21:22.652093588 [32;1m[INFO][0m Class: 5 exit count = 169
2026-05-29 11:21:22.652094488 [32;1m[INFO][0m Class: 6 exit count = 192
2026-05-29 11:21:22.652095688 [32;1m[INFO][0m Class: 7 exit count = 0
2026-05-29 11:21:22.754939722 [32;1m[INFO][0m Finished with 1944 link edges reclassified.  Turn channel count = 1970
2026-05-29 11:21:22.796889005 [TIMING] src/mjolnir/linkclassification.cc::ReclassifyLinks took 0s
2026-05-29 11:21:22.797430538 [32;1m[INFO][0m Reclassifying ferry connection graph edges...
2026-05-29 11:21:22.869027648 [32;1m[INFO][0m Finished ReclassifyFerryEdges: ferry_endpoint_count = 0, 0 edges reclassified
2026-05-29 11:21:22.870946366 [TIMING] src/mjolnir/ferry_connections.cc::ReclassifyFerryConnections took 0s
2026-05-29 11:21:22.948871165 [TIMING] src/mjolnir/graphbuilder.cc::ComputeFerrySpeeds took 0s
2026-05-29 11:21:22.948906467 [32;1m[INFO][0m Building 8 tiles with 12 threads...
2026-05-29 11:21:22.991035162 [33;1m[WARN][0m Admin db /valhalla/build/admins.sqlite not found. Not saving admin information.
2026-05-29 11:21:22.991035162 [33;1m[WARN][0m Admin db /valhalla/build/admins.sqlite not found. Not saving admin information.
2026-05-29 11:21:22.991036262 [33;1m[WARN][0m Admin db /valhalla/build/admins.sqlite not found. Not saving admin information.
2026-05-29 11:21:22.991385083 [33;1m[WARN][0m Admin db /valhalla/build/admins.sqlite not found. Not saving admin information.
2026-05-29 11:21:22.991439087 [33;1m[WARN][0m Admin db /valhalla/build/admins.sqlite not found. Not saving admin information.
2026-05-29 11:21:22.991438687 [33;1m[WARN][0m Admin db /valhalla/build/admins.sqlite not found. Not saving admin information.
2026-05-29 11:21:22.991445487 [33;1m[WARN][0m Admin db /valhalla/build/admins.sqlite not found. Not saving admin information.
2026-05-29 11:21:22.991445487 [33;1m[WARN][0m Admin db /valhalla/build/admins.sqlite not found. Not saving admin information.
2026-05-29 11:21:22.991452488 [33;1m[WARN][0m Admin db /valhalla/build/admins.sqlite not found. Not saving admin information.
2026-05-29 11:21:22.991444387 [33;1m[WARN][0m Admin db /valhalla/build/admins.sqlite not found. Not saving admin information.
2026-05-29 11:21:22.991445287 [33;1m[WARN][0m Admin db /valhalla/build/admins.sqlite not found. Not saving admin information.
2026-05-29 11:21:22.991809410 [33;1m[WARN][0m Admin db /valhalla/build/admins.sqlite not found. Not saving admin information.
2026-05-29 11:21:22.991843012 [33;1m[WARN][0m Time zone db /valhalla/build/timezones.sqlite not found.  Not saving time zone information.
2026-05-29 11:21:22.991890214 [33;1m[WARN][0m Time zone db /valhalla/build/timezones.sqlite not found.  Not saving time zone information.
2026-05-29 11:21:22.991890214 [33;1m[WARN][0m Time zone db /valhalla/build/timezones.sqlite not found.  Not saving time zone information.
2026-05-29 11:21:22.991891815 [33;1m[WARN][0m Time zone db /valhalla/build/timezones.sqlite not found.  Not saving time zone information.
2026-05-29 11:21:22.991982120 [33;1m[WARN][0m Time zone db /valhalla/build/timezones.sqlite not found.  Not saving time zone information.
2026-05-29 11:21:22.991892615 [33;1m[WARN][0m Time zone db /valhalla/build/timezones.sqlite not found.  Not saving time zone information.
2026-05-29 11:21:22.991903615 [33;1m[WARN][0m Time zone db /valhalla/build/timezones.sqlite not found.  Not saving time zone information.
2026-05-29 11:21:22.991930217 [33;1m[WARN][0m Time zone db /valhalla/build/timezones.sqlite not found.  Not saving time zone information.
2026-05-29 11:21:22.991891915 [33;1m[WARN][0m Time zone db /valhalla/build/timezones.sqlite not found.  Not saving time zone information.
2026-05-29 11:21:22.991895515 [33;1m[WARN][0m Time zone db /valhalla/build/timezones.sqlite not found.  Not saving time zone information.
2026-05-29 11:21:22.991922716 [33;1m[WARN][0m Time zone db /valhalla/build/timezones.sqlite not found.  Not saving time zone information.
2026-05-29 11:21:22.991931317 [33;1m[WARN][0m Time zone db /valhalla/build/timezones.sqlite not found.  Not saving time zone information.
2026-05-29 11:21:23.778435755 [32;1m[INFO][0m Finished
2026-05-29 11:21:23.778488058 [TIMING] src/mjolnir/graphbuilder.cc::BuildLocalTiles took 0s
2026-05-29 11:21:23.778495659 [32;1m[INFO][0m Node Count = 116650
2026-05-29 11:21:23.778497759 [32;1m[INFO][0m Directed Edge Count = 316384
2026-05-29 11:21:23.778499359 [32;1m[INFO][0m EdgeInfo Count = 158632
2026-05-29 11:21:23.778501859 [TIMING] src/mjolnir/graphbuilder.cc::Build took 1s
2026-05-29 11:21:23.778514160 [32;1m[INFO][0m Enhancing local graph...
2026-05-29 11:21:23.789704149 [33;1m[WARN][0m Admin db /valhalla/build/admins.sqlite not found. Not saving admin information.
2026-05-29 11:21:23.789704249 [33;1m[WARN][0m Admin db /valhalla/build/admins.sqlite not found. Not saving admin information.
2026-05-29 11:21:23.789750952 [33;1m[WARN][0m Admin db /valhalla/build/admins.sqlite not found. Not saving admin information.
2026-05-29 11:21:23.789751952 [33;1m[WARN][0m Admin db /valhalla/build/admins.sqlite not found. Not saving admin information.
2026-05-29 11:21:23.789752152 [33;1m[WARN][0m Admin db /valhalla/build/admins.sqlite not found. Not saving admin information.
2026-05-29 11:21:23.789802755 [33;1m[WARN][0m Admin db /valhalla/build/admins.sqlite not found. Not saving admin information.
2026-05-29 11:21:23.789844658 [33;1m[WARN][0m Admin db /valhalla/build/admins.sqlite not found. Not saving admin information.
2026-05-29 11:21:23.789872659 [33;1m[WARN][0m Admin db /valhalla/build/admins.sqlite not found. Not saving admin information.
2026-05-29 11:21:23.789872659 [33;1m[WARN][0m Admin db /valhalla/build/admins.sqlite not found. Not saving admin information.
2026-05-29 11:21:23.789878460 [33;1m[WARN][0m Admin db /valhalla/build/admins.sqlite not found. Not saving admin information.
2026-05-29 11:21:23.789849258 [33;1m[WARN][0m Admin db /valhalla/build/admins.sqlite not found. Not saving admin information.
2026-05-29 11:21:23.789870059 [33;1m[WARN][0m Admin db /valhalla/build/admins.sqlite not found. Not saving admin information.
2026-05-29 11:21:23.791086734 [32;1m[INFO][0m Disabled default speeds assignment from config
2026-05-29 11:21:23.792134799 [32;1m[INFO][0m Disabled default speeds assignment from config
2026-05-29 11:21:23.794045916 [32;1m[INFO][0m Disabled default speeds assignment from config
2026-05-29 11:21:23.794172124 [32;1m[INFO][0m Disabled default speeds assignment from config
2026-05-29 11:21:23.794244929 [32;1m[INFO][0m Disabled default speeds assignment from config
2026-05-29 11:21:23.794360336 [32;1m[INFO][0m Disabled default speeds assignment from config
2026-05-29 11:21:23.794452441 [32;1m[INFO][0m Disabled default speeds assignment from config
2026-05-29 11:21:23.794519946 [32;1m[INFO][0m Disabled default speeds assignment from config
2026-05-29 11:21:23.794844466 [32;1m[INFO][0m Disabled default speeds assignment from config
2026-05-29 11:21:23.795016376 [32;1m[INFO][0m Disabled default speeds assignment from config
2026-05-29 11:21:23.797881653 [32;1m[INFO][0m Disabled default speeds assignment from config
2026-05-29 11:21:23.798140169 [32;1m[INFO][0m Disabled default speeds assignment from config
2026-05-29 11:21:24.669312021 [32;1m[INFO][0m Finished with max_density 33.121208
2026-05-29 11:21:24.669351523 [32;1m[INFO][0m internal intersection = 8226
2026-05-29 11:21:24.669368524 [TIMING] src/mjolnir/graphenhancer.cc::Enhance took 0s
2026-05-29 11:21:24.669386526 [32;1m[INFO][0m GraphFilter - nothing to filter. Skipping...
2026-05-29 11:21:24.669389226 [TIMING] src/mjolnir/graphfilter.cc::Filter took 0s
2026-05-29 11:21:24.669432728 [32;1m[INFO][0m Transit directory not found. Transit will not be added.
2026-05-29 11:21:24.669461830 [32;1m[INFO][0m HierarchyBuilder
2026-05-29 11:21:24.795255777 [TIMING] src/mjolnir/hierarchybuilder.cc::CreateNodeAssociations took 0s
2026-05-29 11:21:24.971393925 [TIMING] src/mjolnir/hierarchybuilder.cc::SortSequences took 0s
2026-05-29 11:21:25.527036145 [TIMING] src/mjolnir/hierarchybuilder.cc::FormTilesInNewLevel took 0s
2026-05-29 11:21:25.541909861 [TIMING] src/mjolnir/hierarchybuilder.cc::RemoveUnusedLocalTiles took 0s
2026-05-29 11:21:25.541982766 [32;1m[INFO][0m Done HierarchyBuilder
2026-05-29 11:21:25.542001267 [TIMING] src/mjolnir/hierarchybuilder.cc::Build took 0s
2026-05-29 11:21:25.542907323 [32;1m[INFO][0m Creating shortcuts on level 1
2026-05-29 11:22:03.040048024 [32;1m[INFO][0m Finished with 5174 shortcuts superseding 22734 edges, average ~4 edges per shortcut
2026-05-29 11:22:03.040075226 [32;1m[INFO][0m Creating shortcuts on level 0
2026-05-29 11:22:05.825767709 [32;1m[INFO][0m Finished with 674 shortcuts superseding 3638 edges, average ~5 edges per shortcut
2026-05-29 11:22:05.825813412 [TIMING] src/mjolnir/shortcutbuilder.cc::Build took 40s
2026-05-29 11:22:05.825835013 [33;1m[WARN][0m Elevation storage directory does not exist
2026-05-29 11:22:05.832261900 [32;1m[INFO][0m Adding complex turn restrictions at level 2
2026-05-29 11:22:06.247285452 [TIMING] src/mjolnir/restrictionbuilder.cc::HandleOnlyRestrictionProperties took 0s
2026-05-29 11:22:06.247324455 [32;1m[INFO][0m --Forward restrictions added: 32
2026-05-29 11:22:06.247328355 [32;1m[INFO][0m --Reverse restrictions added: 34
2026-05-29 11:22:06.250171526 [32;1m[INFO][0m Adding complex turn restrictions at level 1
2026-05-29 11:22:06.380339552 [TIMING] src/mjolnir/restrictionbuilder.cc::HandleOnlyRestrictionProperties took 0s
2026-05-29 11:22:06.380376854 [32;1m[INFO][0m --Forward restrictions added: 142
2026-05-29 11:22:06.380379954 [32;1m[INFO][0m --Reverse restrictions added: 146
2026-05-29 11:22:06.382759597 [32;1m[INFO][0m Adding complex turn restrictions at level 0
2026-05-29 11:22:06.483178935 [TIMING] src/mjolnir/restrictionbuilder.cc::HandleOnlyRestrictionProperties took 0s
2026-05-29 11:22:06.483258139 [32;1m[INFO][0m --Forward restrictions added: 55
2026-05-29 11:22:06.483266240 [32;1m[INFO][0m --Reverse restrictions added: 49
2026-05-29 11:22:06.483280141 [32;1m[INFO][0m Finished
2026-05-29 11:22:06.483302042 [TIMING] src/mjolnir/restrictionbuilder.cc::Build took 0s
2026-05-29 11:22:06.483314943 [32;1m[INFO][0m Validating, finishing and binning tiles...
2026-05-29 11:22:07.175414154 [32;1m[INFO][0m Finished
2026-05-29 11:22:07.175464657 [32;1m[INFO][0m Binning inter-tile edges...
2026-05-29 11:22:07.300154053 [32;1m[INFO][0m Finished
2026-05-29 11:22:07.300207557 [33;1m[WARN][0m Possible duplicates at level: 0 = 0
2026-05-29 11:22:07.300212857 [33;1m[WARN][0m Possible duplicates at level: 1 = 10
2026-05-29 11:22:07.300215657 [33;1m[WARN][0m Possible duplicates at level: 2 = 0
2026-05-29 11:22:07.300274861 [TIMING] src/mjolnir/graphvalidator.cc::Validate took 0s
2026-05-29 11:22:07.300286461 [32;1m[INFO][0m Cleaning up temporary *.bin files within /valhalla/build/
2026-05-29 11:22:07.313064030 [TIMING] src/mjolnir/osmdata.cc::cleanup_temp_files took 0s
2026-05-29 11:22:07.314363808 [TIMING] src/mjolnir/util.cc::build_tile_set took 48s
